FEAT-566 Module 5 core integration + wiki regression gate
command: pytest tests/knowledge/wiki/test_federation.py tests/knowledge/wiki/test_federation_overlay.py tests/knowledge/wiki/test_ledger_tools.py tests/knowledge/wiki/test_mcp_server_ledger.py tests/knowledge/wiki/test_mcp_server_structural.py tests/knowledge/wiki/test_cli_ledger.py tests/knowledge/wiki/test_cli_symbols.py tests/knowledge/wiki/test_project_shared_root.py tests/knowledge/wiki/test_project_namespaces.py tests/knowledge/wiki/test_devloop_ledger_context.py -q -m 'not slow'
exit_code: 1

--- stdout (tail) ---
INFO     parrot.knowledge.graphindex.export_html:export_html.py:543 Wrote interactive graph to /tmp/pytest-of-jesuslara/pytest-24/test_registers_wiki_structural0/repo/.parrot/wiki/graph.html
DEBUG    parrot.knowledge.wiki.languages.treesitter:treesitter.py:127 tree-sitter grammar for php loaded via tree_sitter_php.language_php()
DEBUG    parrot.knowledge.wiki.languages.treesitter:treesitter.py:127 tree-sitter grammar for typescript loaded via tree_sitter_typescript.language_typescript()
DEBUG    parrot.knowledge.wiki.languages.treesitter:treesitter.py:127 tree-sitter grammar for javascript loaded via tree_sitter_javascript.language()
DEBUG    parrot.knowledge.wiki.languages.treesitter:treesitter.py:127 tree-sitter grammar for rust loaded via tree_sitter_rust.language()
DEBUG    parrot.knowledge.wiki.languages.treesitter:treesitter.py:127 tree-sitter grammar for perl loaded via tree_sitter_perl.language()
DEBUG    parrot.knowledge.wiki.languages.treesitter:treesitter.py:127 tree-sitter grammar for luau loaded via tree_sitter_luau.language()
INFO     parrot.knowledge.wiki.store:store.py:2225 WAL checkpoint(TRUNCATE) on /tmp/pytest-of-jesuslara/pytest-24/test_registers_wiki_structural0/repo/.parrot/wiki/wiki.db: 0 page(s) checkpointed, 0 left
DEBUG    wikitoolkit.cli:cli.py:455 build: WAL checkpoint {'ok': True, 'mode': 'TRUNCATE', 'busy': False, 'log': 0, 'checkpointed': 0}
_______________ TestFindSharedRoot.test_find_shared_root_no_git ________________

self = <wiki.test_project_shared_root.TestFindSharedRoot object at 0x7ef601e61fd0>
tmp_path = PosixPath('/tmp/pytest-of-jesuslara/pytest-24/test_find_shared_root_no_git0')

    def test_find_shared_root_no_git(self, tmp_path: Path) -> None:
        """Test finding shared root when no git repo exists."""
        repo_root = tmp_path / "repo"
        repo_root.mkdir()
    
        original_cwd = os.getcwd()
        try:
            os.chdir(str(repo_root))
            result = find_shared_root()
>           assert result is None
E           AssertionError: assert PosixPath('/tmp') is None

tests/knowledge/wiki/test_project_shared_root.py:118: AssertionError
=============================== warnings summary ===============================
tests/knowledge/wiki/test_ledger_tools.py::TestWikiRememberProvenance::test_wiki_remember_stores_ledger_targets_foreign_qualified
tests/knowledge/wiki/test_ledger_tools.py::TestWikiRememberProvenance::test_wiki_remember_stores_code_plane_targets_unqualified
  /home/jesuslara/proyectos/ai-parrot/packages/ai-parrot/src/parrot/knowledge/wiki/tools.py:100: RuntimeWarning: coroutine 'AsyncMockMixin._execute_mock_call' was never awaited
    if page.get("category") == ADR_CATEGORY:
  Enable tracemalloc to get traceback where the object was allocated.
  See https://docs.pytest.org/en/stable/how-to/capture-warnings.html#resource-warnings for more info.

-- Docs: https://docs.pytest.org/en/stable/how-to/capture-warnings.html
=========================== short test summary info ============================
FAILED tests/knowledge/wiki/test_mcp_server_structural.py::TestMCPServerStructuralRegistration::test_registers_wiki_structural_and_decision_tools
FAILED tests/knowledge/wiki/test_project_shared_root.py::TestFindSharedRoot::test_find_shared_root_no_git
2 failed, 159 passed, 2 warnings in 5.31s

--- stderr (tail) ---

